// Jest Snapshot v1, https://goo.gl/fbAQLP

exports[`Initial render 1`] = `
<a
  href="javascript:void(0)"
>
  test
</a>
`;
